// Jest Snapshot v1, https://goo.gl/fbAQLP

exports[`render tests doesnt crash 1`] = `
<View
  accessibilityComponentType={undefined}
  accessibilityLabel={undefined}
  accessibilityTraits={undefined}
  accessible={true}
  hasTVPreferredFocus={undefined}
  hitSlop={undefined}
  isTVSelectable={true}
  nativeID={undefined}
  onLayout={undefined}
  onResponderGrant={[Function]}
  onResponderMove={[Function]}
  onResponderRelease={[Function]}
  onResponderTerminate={[Function]}
  onResponderTerminationRequest={[Function]}
  onStartShouldSetResponder={[Function]}
  style={null}
  testID={undefined}
  tvParallaxProperties={undefined}
>
  <View
    style={
      Object {
        "backgroundColor": "#9CCC65",
        "borderRadius": 4,
        "height": 30,
        "justifyContent": "center",
        "padding": 5,
      }
    }
  >
    <Text
      accessible={true}
      allowFontScaling={true}
      ellipsizeMode="tail"
      style={
        Object {
          "color": "white",
        }
      }
    >
      Submit
    </Text>
  </View>
</View>
`;
